/media/abdallah-shehawey/Local-Disk2/System_Programming_under_Linux/Phase_2/01_Code/RTOS/STM32CubeWBA/Projects/NUCLEO-WBA55CG/Examples/UART/UART_Printf/Src/main.c:81:5:main	8	static
/media/abdallah-shehawey/Local-Disk2/System_Programming_under_Linux/Phase_2/01_Code/RTOS/STM32CubeWBA/Projects/NUCLEO-WBA55CG/Examples/UART/UART_Printf/Src/main.c:141:6:SystemClock_Config	104	static
/media/abdallah-shehawey/Local-Disk2/System_Programming_under_Linux/Phase_2/01_Code/RTOS/STM32CubeWBA/Projects/NUCLEO-WBA55CG/Examples/UART/UART_Printf/Src/main.c:199:13:MX_ICACHE_Init	8	static
/media/abdallah-shehawey/Local-Disk2/System_Programming_under_Linux/Phase_2/01_Code/RTOS/STM32CubeWBA/Projects/NUCLEO-WBA55CG/Examples/UART/UART_Printf/Src/main.c:231:13:MX_USART1_UART_Init	8	static
/media/abdallah-shehawey/Local-Disk2/System_Programming_under_Linux/Phase_2/01_Code/RTOS/STM32CubeWBA/Projects/NUCLEO-WBA55CG/Examples/UART/UART_Printf/Src/main.c:279:13:MX_GPIO_Init	16	static
/media/abdallah-shehawey/Local-Disk2/System_Programming_under_Linux/Phase_2/01_Code/RTOS/STM32CubeWBA/Projects/NUCLEO-WBA55CG/Examples/UART/UART_Printf/Src/main.c:298:1:__io_putchar	16	static
/media/abdallah-shehawey/Local-Disk2/System_Programming_under_Linux/Phase_2/01_Code/RTOS/STM32CubeWBA/Projects/NUCLEO-WBA55CG/Examples/UART/UART_Printf/Src/main.c:328:6:Error_Handler	8	static
